LOGIN_STATUS: 200
LOGIN_BODY: {"access_token":"eyJhbGciOiJIUzI1NiIsInR5cCI6IkpXVCJ9.eyJ1c2VyX2lkIjoxLCJyb2xlIjoiQURNSU4iLCJleHAiOjE3NzI5ODE0MjZ9.gjWlFqUrMYbaIpepvHC77NgrcZaWlJoIBhF6DFXQSfE","token_type":"bearer","user_id":1,"role":"ADMIN","has2FA":true}
HAS_TOKEN: True
TOKEN_DECODED: {'user_id': 1, 'role': 'ADMIN', 'exp': 1772981426}
HAS_USER_ID: True
HAS_ROLE: True
HAS_EXP: True
